// Jest Snapshot v1, https://goo.gl/fbAQLP

exports[`render a prop 1`] = `ShallowWrapper {}`;
