// Jest Snapshot v1, https://goo.gl/fbAQLP

exports[`clicks a button 1`] = `ShallowWrapper {}`;
