// Jest Snapshot v1, https://goo.gl/fbAQLP

exports[`contains text 1`] = `ShallowWrapper {}`;
